// Jest Snapshot v1, https://goo.gl/fbAQLP

exports[`DagStorage Snapshot Tests matches snapshot 1`] = `
{
  "Mappings": {
    "LatestNodeRuntimeMap": {
      "af-south-1": {
        "value": "nodejs20.x",
      },
      "ap-east-1": {
        "value": "nodejs20.x",
      },
      "ap-northeast-1": {
        "value": "nodejs20.x",
      },
      "ap-northeast-2": {
        "value": "nodejs20.x",
      },
      "ap-northeast-3": {
        "value": "nodejs20.x",
      },
      "ap-south-1": {
        "value": "nodejs20.x",
      },
      "ap-south-2": {
        "value": "nodejs20.x",
      },
      "ap-southeast-1": {
        "value": "nodejs20.x",
      },
      "ap-southeast-2": {
        "value": "nodejs20.x",
      },
      "ap-southeast-3": {
        "value": "nodejs20.x",
      },
      "ap-southeast-4": {
        "value": "nodejs20.x",
      },
      "ap-southeast-5": {
        "value": "nodejs20.x",
      },
      "ap-southeast-7": {
        "value": "nodejs20.x",
      },
      "ca-central-1": {
        "value": "nodejs20.x",
      },
      "ca-west-1": {
        "value": "nodejs20.x",
      },
      "cn-north-1": {
        "value": "nodejs20.x",
      },
      "cn-northwest-1": {
        "value": "nodejs20.x",
      },
      "eu-central-1": {
        "value": "nodejs20.x",
      },
      "eu-central-2": {
        "value": "nodejs20.x",
      },
      "eu-isoe-west-1": {
        "value": "nodejs18.x",
      },
      "eu-north-1": {
        "value": "nodejs20.x",
      },
      "eu-south-1": {
        "value": "nodejs20.x",
      },
      "eu-south-2": {
        "value": "nodejs20.x",
      },
      "eu-west-1": {
        "value": "nodejs20.x",
      },
      "eu-west-2": {
        "value": "nodejs20.x",
      },
      "eu-west-3": {
        "value": "nodejs20.x",
      },
      "il-central-1": {
        "value": "nodejs20.x",
      },
      "me-central-1": {
        "value": "nodejs20.x",
      },
      "me-south-1": {
        "value": "nodejs20.x",
      },
      "mx-central-1": {
        "value": "nodejs20.x",
      },
      "sa-east-1": {
        "value": "nodejs20.x",
      },
      "us-east-1": {
        "value": "nodejs20.x",
      },
      "us-east-2": {
        "value": "nodejs20.x",
      },
      "us-gov-east-1": {
        "value": "nodejs20.x",
      },
      "us-gov-west-1": {
        "value": "nodejs20.x",
      },
      "us-iso-east-1": {
        "value": "nodejs18.x",
      },
      "us-iso-west-1": {
        "value": "nodejs18.x",
      },
      "us-isob-east-1": {
        "value": "nodejs18.x",
      },
      "us-west-1": {
        "value": "nodejs20.x",
      },
      "us-west-2": {
        "value": "nodejs20.x",
      },
    },
  },
  "Parameters": {
    "BootstrapVersion": {
      "Default": "/cdk-bootstrap/hnb659fds/version",
      "Description": "Version of the CDK Bootstrap resources in this environment, automatically retrieved from SSM Parameter Store. [cdk:skip]",
      "Type": "AWS::SSM::Parameter::Value<String>",
    },
  },
  "Resources": {
    "CustomS3AutoDeleteObjectsCustomResourceProviderHandler9D90184F": {
      "DependsOn": [
        "CustomS3AutoDeleteObjectsCustomResourceProviderRole3B1BD092",
      ],
      "Properties": {
        "Code": {
          "S3Bucket": {
            "Fn::Sub": "cdk-hnb659fds-assets-\${AWS::AccountId}-\${AWS::Region}",
          },
          "S3Key": "faa95a81ae7d7373f3e1f242268f904eb748d8d0fdd306e8a6fe515a1905a7d6.zip",
        },
        "Description": {
          "Fn::Join": [
            "",
            [
              "Lambda function for auto-deleting objects in ",
              {
                "Ref": "DagStorageDagStorageBucket1A3B53A2",
              },
              " S3 bucket.",
            ],
          ],
        },
        "Handler": "index.handler",
        "MemorySize": 128,
        "Role": {
          "Fn::GetAtt": [
            "CustomS3AutoDeleteObjectsCustomResourceProviderRole3B1BD092",
            "Arn",
          ],
        },
        "Runtime": {
          "Fn::FindInMap": [
            "LatestNodeRuntimeMap",
            {
              "Ref": "AWS::Region",
            },
            "value",
          ],
        },
        "Timeout": 900,
      },
      "Type": "AWS::Lambda::Function",
    },
    "CustomS3AutoDeleteObjectsCustomResourceProviderRole3B1BD092": {
      "Properties": {
        "AssumeRolePolicyDocument": {
          "Statement": [
            {
              "Action": "sts:AssumeRole",
              "Effect": "Allow",
              "Principal": {
                "Service": "lambda.amazonaws.com",
              },
            },
          ],
          "Version": "2012-10-17",
        },
        "ManagedPolicyArns": [
          {
            "Fn::Sub": "arn:\${AWS::Partition}:iam::aws:policy/service-role/AWSLambdaBasicExecutionRole",
          },
        ],
      },
      "Type": "AWS::IAM::Role",
    },
    "DagStorageDagStorageBucket1A3B53A2": {
      "DeletionPolicy": "Delete",
      "Properties": {
        "BucketEncryption": {
          "ServerSideEncryptionConfiguration": [
            {
              "ServerSideEncryptionByDefault": {
                "SSEAlgorithm": "AES256",
              },
            },
          ],
        },
        "BucketName": "test-bucket",
        "LifecycleConfiguration": {
          "Rules": [
            {
              "Id": "DeleteOldVersions",
              "NoncurrentVersionExpiration": {
                "NoncurrentDays": 30,
              },
              "Status": "Enabled",
            },
          ],
        },
        "PublicAccessBlockConfiguration": {
          "BlockPublicAcls": true,
          "BlockPublicPolicy": true,
          "IgnorePublicAcls": true,
          "RestrictPublicBuckets": true,
        },
        "Tags": [
          {
            "Key": "aws-cdk:auto-delete-objects",
            "Value": "true",
          },
        ],
        "VersioningConfiguration": {
          "Status": "Enabled",
        },
      },
      "Type": "AWS::S3::Bucket",
      "UpdateReplacePolicy": "Delete",
    },
    "DagStorageDagStorageBucketAutoDeleteObjectsCustomResource0BD31144": {
      "DeletionPolicy": "Delete",
      "DependsOn": [
        "DagStorageDagStorageBucketPolicy250EE88D",
      ],
      "Properties": {
        "BucketName": {
          "Ref": "DagStorageDagStorageBucket1A3B53A2",
        },
        "ServiceToken": {
          "Fn::GetAtt": [
            "CustomS3AutoDeleteObjectsCustomResourceProviderHandler9D90184F",
            "Arn",
          ],
        },
      },
      "Type": "Custom::S3AutoDeleteObjects",
      "UpdateReplacePolicy": "Delete",
    },
    "DagStorageDagStorageBucketPolicy250EE88D": {
      "Properties": {
        "Bucket": {
          "Ref": "DagStorageDagStorageBucket1A3B53A2",
        },
        "PolicyDocument": {
          "Statement": [
            {
              "Action": [
                "s3:PutBucketPolicy",
                "s3:GetBucket*",
                "s3:List*",
                "s3:DeleteObject*",
              ],
              "Effect": "Allow",
              "Principal": {
                "AWS": {
                  "Fn::GetAtt": [
                    "CustomS3AutoDeleteObjectsCustomResourceProviderRole3B1BD092",
                    "Arn",
                  ],
                },
              },
              "Resource": [
                {
                  "Fn::GetAtt": [
                    "DagStorageDagStorageBucket1A3B53A2",
                    "Arn",
                  ],
                },
                {
                  "Fn::Join": [
                    "",
                    [
                      {
                        "Fn::GetAtt": [
                          "DagStorageDagStorageBucket1A3B53A2",
                          "Arn",
                        ],
                      },
                      "/*",
                    ],
                  ],
                },
              ],
            },
          ],
          "Version": "2012-10-17",
        },
      },
      "Type": "AWS::S3::BucketPolicy",
    },
  },
  "Rules": {
    "CheckBootstrapVersion": {
      "Assertions": [
        {
          "Assert": {
            "Fn::Not": [
              {
                "Fn::Contains": [
                  [
                    "1",
                    "2",
                    "3",
                    "4",
                    "5",
                  ],
                  {
                    "Ref": "BootstrapVersion",
                  },
                ],
              },
            ],
          },
          "AssertDescription": "CDK bootstrap stack version 6 required. Please run 'cdk bootstrap' with a recent version of the CDK CLI.",
        },
      ],
    },
  },
}
`;
